152.42.105.164:2016-01-09 04:01:19
74.140.251.56:2015-01-30 03:45:34
148.23.70.193:2018-03-09 07:06:46
213.64.10.94:2017-01-28 04:22:26
107.24.0.164:2017-09-14 06:05:12
102.91.96.85:2021-02-22 04:23:56
69.34.6.1:2019-05-13 14:59:22
150.142.171.117:2014-11-20 01:14:14
225.179.243.244:2014-04-21 15:20:41
204.163.80.49:2012-03-23 09:02:04
152.42.105.164:2011-01-21 00:26:18
74.140.251.56:2010-10-11 03:20:58
148.23.70.193:2022-12-02 14:14:37
213.64.10.94:2022-08-28 14:15:26
107.24.0.164:2019-12-12 13:39:16
102.91.96.85:2012-02-13 05:42:58
69.34.6.1:2015-10-17 13:14:20
150.142.171.117:2016-02-17 14:10:35
225.179.243.244:2018-01-26 19:38:32
204.163.80.49:2013-08-19 03:24:49
152.42.105.164:2014-04-29 01:07:39
74.140.251.56:2014-11-29 14:35:43
148.23.70.193:2011-12-26 16:57:10
213.64.10.94:2022-01-09 11:39:24
107.24.0.164:2011-05-30 09:10:11
102.91.96.85:2011-10-26 02:36:22
69.34.6.1:2014-05-09 02:55:38
150.142.171.117:2014-09-16 18:57:48
225.179.243.244:2013-06-01 20:29:03
204.163.80.49:2021-11-28 03:15:00


